// Jest Snapshot v1, https://goo.gl/fbAQLP

exports[`SimpsonsQuote component renders SimpsonsQuote 1`] = `
<ContextProvider
  value={null}
>
  <SimpsonsQuote
    characterImage=""
    characterName=""
    fetchQuote={[Function]}
    loading={false}
    quote=""
    store={
      Object {
        "dispatch": [Function],
        "getState": [Function],
        "replaceReducer": [Function],
        "subscribe": [Function],
        Symbol(observable): [Function],
      }
    }
  />
</ContextProvider>
`;
